------------------------------------------------------------
Timing Analyzer Summary
------------------------------------------------------------

Type  : Slow 1200mV 85C Model Setup 'MAX10_CLK1_50'
Slack : -1.990
TNS   : -31.149

Type  : Slow 1200mV 85C Model Setup 'mask_arbiter:ma|cnt[0]'
Slack : -0.783
TNS   : -4.348

Type  : Slow 1200mV 85C Model Hold 'MAX10_CLK1_50'
Slack : 0.335
TNS   : 0.000

Type  : Slow 1200mV 85C Model Hold 'mask_arbiter:ma|cnt[0]'
Slack : 0.372
TNS   : 0.000

Type  : Slow 1200mV 85C Model Minimum Pulse Width 'MAX10_CLK1_50'
Slack : -3.000
TNS   : -26.000

Type  : Slow 1200mV 85C Model Minimum Pulse Width 'mask_arbiter:ma|cnt[0]'
Slack : -1.000
TNS   : -17.000

Type  : Slow 1200mV 0C Model Setup 'MAX10_CLK1_50'
Slack : -1.597
TNS   : -24.049

Type  : Slow 1200mV 0C Model Setup 'mask_arbiter:ma|cnt[0]'
Slack : -0.602
TNS   : -3.165

Type  : Slow 1200mV 0C Model Hold 'MAX10_CLK1_50'
Slack : 0.268
TNS   : 0.000

Type  : Slow 1200mV 0C Model Hold 'mask_arbiter:ma|cnt[0]'
Slack : 0.337
TNS   : 0.000

Type  : Slow 1200mV 0C Model Minimum Pulse Width 'MAX10_CLK1_50'
Slack : -3.000
TNS   : -26.000

Type  : Slow 1200mV 0C Model Minimum Pulse Width 'mask_arbiter:ma|cnt[0]'
Slack : -1.000
TNS   : -17.000

Type  : Fast 1200mV 0C Model Setup 'MAX10_CLK1_50'
Slack : -1.096
TNS   : -16.589

Type  : Fast 1200mV 0C Model Setup 'mask_arbiter:ma|cnt[0]'
Slack : 0.014
TNS   : 0.000

Type  : Fast 1200mV 0C Model Hold 'mask_arbiter:ma|cnt[0]'
Slack : 0.193
TNS   : 0.000

Type  : Fast 1200mV 0C Model Hold 'MAX10_CLK1_50'
Slack : 0.219
TNS   : 0.000

Type  : Fast 1200mV 0C Model Minimum Pulse Width 'MAX10_CLK1_50'
Slack : -3.000
TNS   : -28.626

Type  : Fast 1200mV 0C Model Minimum Pulse Width 'mask_arbiter:ma|cnt[0]'
Slack : -1.000
TNS   : -17.000

------------------------------------------------------------
